
> cindor-ui-workspace@0.1.53 build
> npm run generate:manifest && npm run generate:wrappers && npm run build --workspace cindor-ui-core && npm run build --workspace cindor-ui-react && npm run build --workspace cindor-ui-vue && npm run build --workspace cindor-ui-docs


> cindor-ui-workspace@0.1.53 generate:manifest
> node scripts/generate-component-manifest.mjs

[3:04:32 AM] @custom-elements-manifest/analyzer: Created new manifest.

> cindor-ui-workspace@0.1.53 generate:wrappers
> node scripts/generate-framework-wrappers.mjs


> cindor-ui-core@0.1.53 build
> tsup --config tsup.config.ts && tsc -p tsconfig.build.json

[34mCLI[39m Building entry: {"index":"/tmp/workspace/cbulock/cindor/packages/core/src/index.ts","register":"/tmp/workspace/cbulock/cindor/packages/core/src/register.ts","components/accordion/cindor-accordion":"/tmp/workspace/cbulock/cindor/packages/core/src/components/accordion/cindor-accordion.ts","components/activity-feed/cindor-activity-feed":"/tmp/workspace/cbulock/cindor/packages/core/src/components/activity-feed/cindor-activity-feed.ts","components/activity-item/cindor-activity-item":"/tmp/workspace/cbulock/cindor/packages/core/src/components/activity-item/cindor-activity-item.ts","components/alert/cindor-alert":"/tmp/workspace/cbulock/cindor/packages/core/src/components/alert/cindor-alert.ts","components/autocomplete/cindor-autocomplete":"/tmp/workspace/cbulock/cindor/packages/core/src/components/autocomplete/cindor-autocomplete.ts","components/avatar/cindor-avatar":"/tmp/workspace/cbulock/cindor/packages/core/src/components/avatar/cindor-avatar.ts","components/badge/cindor-badge":"/tmp/workspace/cbulock/cindor/packages/core/src/components/badge/cindor-badge.ts","components/banner/cindor-banner":"/tmp/workspace/cbulock/cindor/packages/core/src/components/banner/cindor-banner.ts","components/breadcrumbs/cindor-breadcrumbs":"/tmp/workspace/cbulock/cindor/packages/core/src/components/breadcrumbs/cindor-breadcrumbs.ts","components/button/cindor-button":"/tmp/workspace/cbulock/cindor/packages/core/src/components/button/cindor-button.ts","components/button-group/cindor-button-group":"/tmp/workspace/cbulock/cindor/packages/core/src/components/button-group/cindor-button-group.ts","components/calendar/cindor-calendar":"/tmp/workspace/cbulock/cindor/packages/core/src/components/calendar/cindor-calendar.ts","components/card/cindor-card":"/tmp/workspace/cbulock/cindor/packages/core/src/components/card/cindor-card.ts","components/checkbox/cindor-checkbox":"/tmp/workspace/cbulock/cindor/packages/core/src/components/checkbox/cindor-checkbox.ts","components/chip/cindor-chip":"/tmp/workspace/cbulock/cindor/packages/core/src/components/chip/cindor-chip.ts","components/code-block/cindor-code-block":"/tmp/workspace/cbulock/cindor/packages/core/src/components/code-block/cindor-code-block.ts","components/color-input/cindor-color-input":"/tmp/workspace/cbulock/cindor/packages/core/src/components/color-input/cindor-color-input.ts","components/combobox/cindor-combobox":"/tmp/workspace/cbulock/cindor/packages/core/src/components/combobox/cindor-combobox.ts","components/command-bar/cindor-command-bar":"/tmp/workspace/cbulock/cindor/packages/core/src/components/command-bar/cindor-command-bar.ts","components/command-palette/cindor-command-palette":"/tmp/workspace/cbulock/cindor/packages/core/src/components/command-palette/cindor-command-palette.ts","components/context-menu/cindor-context-menu":"/tmp/workspace/cbulock/cindor/packages/core/src/components/context-menu/cindor-context-menu.ts","components/data-table/cindor-data-table":"/tmp/workspace/cbulock/cindor/packages/core/src/components/data-table/cindor-data-table.ts","components/data-view-toolbar/cindor-data-view-toolbar":"/tmp/workspace/cbulock/cindor/packages/core/src/components/data-view-toolbar/cindor-data-view-toolbar.ts","components/date-input/cindor-date-input":"/tmp/workspace/cbulock/cindor/packages/core/src/components/date-input/cindor-date-input.ts","components/date-picker/cindor-date-picker":"/tmp/workspace/cbulock/cindor/packages/core/src/components/date-picker/cindor-date-picker.ts","components/date-range-picker/cindor-date-range-picker":"/tmp/workspace/cbulock/cindor/packages/core/src/components/date-range-picker/cindor-date-range-picker.ts","components/date-time-picker/cindor-date-time-picker":"/tmp/workspace/cbulock/cindor/packages/core/src/components/date-time-picker/cindor-date-time-picker.ts","components/description-item/cindor-description-item":"/tmp/workspace/cbulock/cindor/packages/core/src/components/description-item/cindor-description-item.ts","components/description-list/cindor-description-list":"/tmp/workspace/cbulock/cindor/packages/core/src/components/description-list/cindor-description-list.ts","components/dialog/cindor-dialog":"/tmp/workspace/cbulock/cindor/packages/core/src/components/dialog/cindor-dialog.ts","components/divider/cindor-divider":"/tmp/workspace/cbulock/cindor/packages/core/src/components/divider/cindor-divider.ts","components/drawer/cindor-drawer":"/tmp/workspace/cbulock/cindor/packages/core/src/components/drawer/cindor-drawer.ts","components/dropdown-menu/cindor-dropdown-menu":"/tmp/workspace/cbulock/cindor/packages/core/src/components/dropdown-menu/cindor-dropdown-menu.ts","components/dropzone/cindor-dropzone":"/tmp/workspace/cbulock/cindor/packages/core/src/components/dropzone/cindor-dropzone.ts","components/email-input/cindor-email-input":"/tmp/workspace/cbulock/cindor/packages/core/src/components/email-input/cindor-email-input.ts","components/empty-search-results/cindor-empty-search-results":"/tmp/workspace/cbulock/cindor/packages/core/src/components/empty-search-results/cindor-empty-search-results.ts","components/empty-state/cindor-empty-state":"/tmp/workspace/cbulock/cindor/packages/core/src/components/empty-state/cindor-empty-state.ts","components/error-text/cindor-error-text":"/tmp/workspace/cbulock/cindor/packages/core/src/components/error-text/cindor-error-text.ts","components/fieldset/cindor-fieldset":"/tmp/workspace/cbulock/cindor/packages/core/src/components/fieldset/cindor-fieldset.ts","components/file-input/cindor-file-input":"/tmp/workspace/cbulock/cindor/packages/core/src/components/file-input/cindor-file-input.ts","components/filter-builder/cindor-filter-builder":"/tmp/workspace/cbulock/cindor/packages/core/src/components/filter-builder/cindor-filter-builder.ts","components/form/cindor-form":"/tmp/workspace/cbulock/cindor/packages/core/src/components/form/cindor-form.ts","components/form-field/cindor-form-field":"/tmp/workspace/cbulock/cindor/packages/core/src/components/form-field/cindor-form-field.ts","components/form-row/cindor-form-row":"/tmp/workspace/cbulock/cindor/packages/core/src/components/form-row/cindor-form-row.ts","components/helper-text/cindor-helper-text":"/tmp/workspace/cbulock/cindor/packages/core/src/components/helper-text/cindor-helper-text.ts","components/icon/cindor-icon":"/tmp/workspace/cbulock/cindor/packages/core/src/components/icon/cindor-icon.ts","components/icon-button/cindor-icon-button":"/tmp/workspace/cbulock/cindor/packages/core/src/components/icon-button/cindor-icon-button.ts","components/inline-edit/cindor-inline-edit":"/tmp/workspace/cbulock/cindor/packages/core/src/components/inline-edit/cindor-inline-edit.ts","components/input/cindor-input":"/tmp/workspace/cbulock/cindor/packages/core/src/components/input/cindor-input.ts","components/layout/cindor-layout":"/tmp/workspace/cbulock/cindor/packages/core/src/components/layout/cindor-layout.ts","components/layout-content/cindor-layout-content":"/tmp/workspace/cbulock/cindor/packages/core/src/components/layout-content/cindor-layout-content.ts","components/layout-header/cindor-layout-header":"/tmp/workspace/cbulock/cindor/packages/core/src/components/layout-header/cindor-layout-header.ts","components/link/cindor-link":"/tmp/workspace/cbulock/cindor/packages/core/src/components/link/cindor-link.ts","components/listbox/cindor-listbox":"/tmp/workspace/cbulock/cindor/packages/core/src/components/listbox/cindor-listbox.ts","components/menu/cindor-menu":"/tmp/workspace/cbulock/cindor/packages/core/src/components/menu/cindor-menu.ts","components/menu-item/cindor-menu-item":"/tmp/workspace/cbulock/cindor/packages/core/src/components/menu-item/cindor-menu-item.ts","components/menubar/cindor-menubar":"/tmp/workspace/cbulock/cindor/packages/core/src/components/menubar/cindor-menubar.ts","components/meter/cindor-meter":"/tmp/workspace/cbulock/cindor/packages/core/src/components/meter/cindor-meter.ts","components/multi-select/cindor-multi-select":"/tmp/workspace/cbulock/cindor/packages/core/src/components/multi-select/cindor-multi-select.ts","components/navigation-rail/cindor-navigation-rail":"/tmp/workspace/cbulock/cindor/packages/core/src/components/navigation-rail/cindor-navigation-rail.ts","components/navigation-rail-item/cindor-navigation-rail-item":"/tmp/workspace/cbulock/cindor/packages/core/src/components/navigation-rail-item/cindor-navigation-rail-item.ts","components/number-input/cindor-number-input":"/tmp/workspace/cbulock/cindor/packages/core/src/components/number-input/cindor-number-input.ts","components/option/cindor-option":"/tmp/workspace/cbulock/cindor/packages/core/src/components/option/cindor-option.ts","components/page-header/cindor-page-header":"/tmp/workspace/cbulock/cindor/packages/core/src/components/page-header/cindor-page-header.ts","components/pagination/cindor-pagination":"/tmp/workspace/cbulock/cindor/packages/core/src/components/pagination/cindor-pagination.ts","components/panel-inspector/cindor-panel-inspector":"/tmp/workspace/cbulock/cindor/packages/core/src/components/panel-inspector/cindor-panel-inspector.ts","components/password-input/cindor-password-input":"/tmp/workspace/cbulock/cindor/packages/core/src/components/password-input/cindor-password-input.ts","components/popover/cindor-popover":"/tmp/workspace/cbulock/cindor/packages/core/src/components/popover/cindor-popover.ts","components/progress/cindor-progress":"/tmp/workspace/cbulock/cindor/packages/core/src/components/progress/cindor-progress.ts","components/provider/cindor-provider":"/tmp/workspace/cbulock/cindor/packages/core/src/components/provider/cindor-provider.ts","components/provider/provider-theme":"/tmp/workspace/cbulock/cindor/packages/core/src/components/provider/provider-theme.ts","components/radio/cindor-radio":"/tmp/workspace/cbulock/cindor/packages/core/src/components/radio/cindor-radio.ts","components/range/cindor-range":"/tmp/workspace/cbulock/cindor/packages/core/src/components/range/cindor-range.ts","components/rating-input/cindor-rating-input":"/tmp/workspace/cbulock/cindor/packages/core/src/components/rating-input/cindor-rating-input.ts","components/search/cindor-search":"/tmp/workspace/cbulock/cindor/packages/core/src/components/search/cindor-search.ts","components/segmented-control/cindor-segmented-control":"/tmp/workspace/cbulock/cindor/packages/core/src/components/segmented-control/cindor-segmented-control.ts","components/select/cindor-select":"/tmp/workspace/cbulock/cindor/packages/core/src/components/select/cindor-select.ts","components/side-nav/cindor-side-nav":"/tmp/workspace/cbulock/cindor/packages/core/src/components/side-nav/cindor-side-nav.ts","components/side-nav-item/cindor-side-nav-item":"/tmp/workspace/cbulock/cindor/packages/core/src/components/side-nav-item/cindor-side-nav-item.ts","components/skeleton/cindor-skeleton":"/tmp/workspace/cbulock/cindor/packages/core/src/components/skeleton/cindor-skeleton.ts","components/spinner/cindor-spinner":"/tmp/workspace/cbulock/cindor/packages/core/src/components/spinner/cindor-spinner.ts","components/split-button/cindor-split-button":"/tmp/workspace/cbulock/cindor/packages/core/src/components/split-button/cindor-split-button.ts","components/splitter/cindor-splitter":"/tmp/workspace/cbulock/cindor/packages/core/src/components/splitter/cindor-splitter.ts","components/splitter-panel/cindor-splitter-panel":"/tmp/workspace/cbulock/cindor/packages/core/src/components/splitter-panel/cindor-splitter-panel.ts","components/stack/cindor-stack":"/tmp/workspace/cbulock/cindor/packages/core/src/components/stack/cindor-stack.ts","components/stat-card/cindor-stat-card":"/tmp/workspace/cbulock/cindor/packages/core/src/components/stat-card/cindor-stat-card.ts","components/stepper/cindor-stepper":"/tmp/workspace/cbulock/cindor/packages/core/src/components/stepper/cindor-stepper.ts","components/switch/cindor-switch":"/tmp/workspace/cbulock/cindor/packages/core/src/components/switch/cindor-switch.ts","components/tab-panel/cindor-tab-panel":"/tmp/workspace/cbulock/cindor/packages/core/src/components/tab-panel/cindor-tab-panel.ts","components/tabs/cindor-tabs":"/tmp/workspace/cbulock/cindor/packages/core/src/components/tabs/cindor-tabs.ts","components/tag/cindor-tag":"/tmp/workspace/cbulock/cindor/packages/core/src/components/tag/cindor-tag.ts","components/tag-input/cindor-tag-input":"/tmp/workspace/cbulock/cindor/packages/core/src/components/tag-input/cindor-tag-input.ts","components/tel-input/cindor-tel-input":"/tmp/workspace/cbulock/cindor/packages/core/src/components/tel-input/cindor-tel-input.ts","components/textarea/cindor-textarea":"/tmp/workspace/cbulock/cindor/packages/core/src/components/textarea/cindor-textarea.ts","components/time-input/cindor-time-input":"/tmp/workspace/cbulock/cindor/packages/core/src/components/time-input/cindor-time-input.ts","components/timeline/cindor-timeline":"/tmp/workspace/cbulock/cindor/packages/core/src/components/timeline/cindor-timeline.ts","components/timeline-item/cindor-timeline-item":"/tmp/workspace/cbulock/cindor/packages/core/src/components/timeline-item/cindor-timeline-item.ts","components/toast/cindor-toast-region":"/tmp/workspace/cbulock/cindor/packages/core/src/components/toast/cindor-toast-region.ts","components/toast/cindor-toast":"/tmp/workspace/cbulock/cindor/packages/core/src/components/toast/cindor-toast.ts","components/toast/toast-manager":"/tmp/workspace/cbulock/cindor/packages/core/src/components/toast/toast-manager.ts","components/toolbar/cindor-toolbar":"/tmp/workspace/cbulock/cindor/packages/core/src/components/toolbar/cindor-toolbar.ts","components/tooltip/cindor-tooltip":"/tmp/workspace/cbulock/cindor/packages/core/src/components/tooltip/cindor-tooltip.ts","components/transfer-list/cindor-transfer-list":"/tmp/workspace/cbulock/cindor/packages/core/src/components/transfer-list/cindor-transfer-list.ts","components/tree-item/cindor-tree-item":"/tmp/workspace/cbulock/cindor/packages/core/src/components/tree-item/cindor-tree-item.ts","components/tree-view/cindor-tree-view":"/tmp/workspace/cbulock/cindor/packages/core/src/components/tree-view/cindor-tree-view.ts","components/url-input/cindor-url-input":"/tmp/workspace/cbulock/cindor/packages/core/src/components/url-input/cindor-url-input.ts"}
[34mCLI[39m Using tsconfig: tsconfig.json
[34mCLI[39m tsup v8.5.1
[34mCLI[39m Using tsup config: /tmp/workspace/cbulock/cindor/packages/core/tsup.config.ts
[34mCLI[39m Target: es2022
[34mCLI[39m Cleaning output folder
[34mESM[39m Build start
[32mESM[39m [1mdist/components/data-view-toolbar/cindor-data-view-toolbar.js       [22m[32m103.00 B[39m
[32mESM[39m [1mdist/components/banner/cindor-banner.js                             [22m[32m85.00 B[39m
[32mESM[39m [1mdist/components/tree-view/cindor-tree-view.js                       [22m[32m123.00 B[39m
[32mESM[39m [1mdist/components/transfer-list/cindor-transfer-list.js               [22m[32m233.00 B[39m
[32mESM[39m [1mdist/components/url-input/cindor-url-input.js                       [22m[32m225.00 B[39m
[32mESM[39m [1mdist/components/timeline-item/cindor-timeline-item.js               [22m[32m97.00 B[39m
[32mESM[39m [1mdist/components/time-input/cindor-time-input.js                     [22m[32m227.00 B[39m
[32mESM[39m [1mdist/components/timeline/cindor-timeline.js                         [22m[32m89.00 B[39m
[32mESM[39m [1mdist/components/toast/cindor-toast-region.js                        [22m[32m95.00 B[39m
[32mESM[39m [1mdist/components/tree-item/cindor-tree-item.js                       [22m[32m89.00 B[39m
[32mESM[39m [1mdist/components/toast/cindor-toast.js                               [22m[32m83.00 B[39m
[32mESM[39m [1mdist/components/toast/toast-manager.js                              [22m[32m183.00 B[39m
[32mESM[39m [1mdist/components/toolbar/cindor-toolbar.js                           [22m[32m121.00 B[39m
[32mESM[39m [1mdist/components/stepper/cindor-stepper.js                           [22m[32m87.00 B[39m
[32mESM[39m [1mdist/components/tooltip/cindor-tooltip.js                           [22m[32m121.00 B[39m
[32mESM[39m [1mdist/components/switch/cindor-switch.js                             [22m[32m153.00 B[39m
[32mESM[39m [1mdist/components/tab-panel/cindor-tab-panel.js                       [22m[32m89.00 B[39m
[32mESM[39m [1mdist/components/tabs/cindor-tabs.js                                 [22m[32m149.00 B[39m
[32mESM[39m [1mdist/components/tag/cindor-tag.js                                   [22m[32m79.00 B[39m
[32mESM[39m [1mdist/components/tag-input/cindor-tag-input.js                       [22m[32m259.00 B[39m
[32mESM[39m [1mdist/components/tel-input/cindor-tel-input.js                       [22m[32m225.00 B[39m
[32mESM[39m [1mdist/components/skeleton/cindor-skeleton.js                         [22m[32m89.00 B[39m
[32mESM[39m [1mdist/components/textarea/cindor-textarea.js                         [22m[32m191.00 B[39m
[32mESM[39m [1mdist/components/spinner/cindor-spinner.js                           [22m[32m87.00 B[39m
[32mESM[39m [1mdist/components/side-nav-item/cindor-side-nav-item.js               [22m[32m95.00 B[39m
[32mESM[39m [1mdist/components/split-button/cindor-split-button.js                 [22m[32m129.00 B[39m
[32mESM[39m [1mdist/components/splitter/cindor-splitter.js                         [22m[32m123.00 B[39m
[32mESM[39m [1mdist/components/splitter-panel/cindor-splitter-panel.js             [22m[32m99.00 B[39m
[32mESM[39m [1mdist/components/stack/cindor-stack.js                               [22m[32m83.00 B[39m
[32mESM[39m [1mdist/components/provider/provider-theme.js                          [22m[32m425.00 B[39m
[32mESM[39m [1mdist/components/stat-card/cindor-stat-card.js                       [22m[32m89.00 B[39m
[32mESM[39m [1mdist/components/radio/cindor-radio.js                               [22m[32m151.00 B[39m
[32mESM[39m [1mdist/components/rating-input/cindor-rating-input.js                 [22m[32m197.00 B[39m
[32mESM[39m [1mdist/components/range/cindor-range.js                               [22m[32m151.00 B[39m
[32mESM[39m [1mdist/components/segmented-control/cindor-segmented-control.js       [22m[32m173.00 B[39m
[32mESM[39m [1mdist/components/search/cindor-search.js                             [22m[32m221.00 B[39m
[32mESM[39m [1mdist/components/select/cindor-select.js                             [22m[32m255.00 B[39m
[32mESM[39m [1mdist/components/side-nav/cindor-side-nav.js                         [22m[32m121.00 B[39m
[32mESM[39m [1mdist/components/option/cindor-option.js                             [22m[32m85.00 B[39m
[32mESM[39m [1mdist/components/page-header/cindor-page-header.js                   [22m[32m93.00 B[39m
[32mESM[39m [1mdist/components/panel-inspector/cindor-panel-inspector.js           [22m[32m101.00 B[39m
[32mESM[39m [1mdist/components/password-input/cindor-password-input.js             [22m[32m235.00 B[39m
[32mESM[39m [1mdist/components/progress/cindor-progress.js                         [22m[32m89.00 B[39m
[32mESM[39m [1mdist/components/provider/cindor-provider.js                         [22m[32m389.00 B[39m
[32mESM[39m [1mdist/components/menu-item/cindor-menu-item.js                       [22m[32m89.00 B[39m
[32mESM[39m [1mdist/components/pagination/cindor-pagination.js                     [22m[32m127.00 B[39m
[32mESM[39m [1mdist/components/menubar/cindor-menubar.js                           [22m[32m121.00 B[39m
[32mESM[39m [1mdist/components/menu/cindor-menu.js                                 [22m[32m149.00 B[39m
[32mESM[39m [1mdist/components/meter/cindor-meter.js                               [22m[32m83.00 B[39m
[32mESM[39m [1mdist/components/navigation-rail/cindor-navigation-rail.js           [22m[32m169.00 B[39m
[32mESM[39m [1mdist/components/number-input/cindor-number-input.js                 [22m[32m231.00 B[39m
[32mESM[39m [1mdist/components/navigation-rail-item/cindor-navigation-rail-item.js [22m[32m109.00 B[39m
[32mESM[39m [1mdist/components/multi-select/cindor-multi-select.js                 [22m[32m299.00 B[39m
[32mESM[39m [1mdist/components/inline-edit/cindor-inline-edit.js                   [22m[32m93.00 B[39m
[32mESM[39m [1mdist/components/icon-button/cindor-icon-button.js                   [22m[32m93.00 B[39m
[32mESM[39m [1mdist/components/input/cindor-input.js                               [22m[32m225.00 B[39m
[32mESM[39m [1mdist/components/layout/cindor-layout.js                             [22m[32m85.00 B[39m
[32mESM[39m [1mdist/components/layout-content/cindor-layout-content.js             [22m[32m99.00 B[39m
[32mESM[39m [1mdist/components/layout-header/cindor-layout-header.js               [22m[32m97.00 B[39m
[32mESM[39m [1mdist/components/link/cindor-link.js                                 [22m[32m81.00 B[39m
[32mESM[39m [1mdist/components/listbox/cindor-listbox.js                           [22m[32m121.00 B[39m
[32mESM[39m [1mdist/components/file-input/cindor-file-input.js                     [22m[32m159.00 B[39m
[32mESM[39m [1mdist/components/filter-builder/cindor-filter-builder.js             [22m[32m167.00 B[39m
[32mESM[39m [1mdist/components/fieldset/cindor-fieldset.js                         [22m[32m89.00 B[39m
[32mESM[39m [1mdist/components/form/cindor-form.js                                 [22m[32m81.00 B[39m
[32mESM[39m [1mdist/components/form-field/cindor-form-field.js                     [22m[32m91.00 B[39m
[32mESM[39m [1mdist/components/form-row/cindor-form-row.js                         [22m[32m87.00 B[39m
[32mESM[39m [1mdist/components/helper-text/cindor-helper-text.js                   [22m[32m93.00 B[39m
[32mESM[39m [1mdist/components/divider/cindor-divider.js                           [22m[32m87.00 B[39m
[32mESM[39m [1mdist/components/icon/cindor-icon.js                                 [22m[32m115.00 B[39m
[32mESM[39m [1mdist/components/drawer/cindor-drawer.js                             [22m[32m119.00 B[39m
[32mESM[39m [1mdist/components/dropdown-menu/cindor-dropdown-menu.js               [22m[32m131.00 B[39m
[32mESM[39m [1mdist/components/dropzone/cindor-dropzone.js                         [22m[32m157.00 B[39m
[32mESM[39m [1mdist/components/error-text/cindor-error-text.js                     [22m[32m91.00 B[39m
[32mESM[39m [1mdist/components/email-input/cindor-email-input.js                   [22m[32m229.00 B[39m
[32mESM[39m [1mdist/components/empty-search-results/cindor-empty-search-results.js [22m[32m109.00 B[39m
[32mESM[39m [1mdist/components/empty-state/cindor-empty-state.js                   [22m[32m93.00 B[39m
[32mESM[39m [1mdist/components/date-picker/cindor-date-picker.js                   [22m[32m195.00 B[39m
[32mESM[39m [1mdist/components/date-input/cindor-date-input.js                     [22m[32m227.00 B[39m
[32mESM[39m [1mdist/components/date-time-picker/cindor-date-time-picker.js         [22m[32m169.00 B[39m
[32mESM[39m [1mdist/components/description-item/cindor-description-item.js         [22m[32m103.00 B[39m
[32mESM[39m [1mdist/components/date-range-picker/cindor-date-range-picker.js       [22m[32m137.00 B[39m
[32mESM[39m [1mdist/components/description-list/cindor-description-list.js         [22m[32m103.00 B[39m
[32mESM[39m [1mdist/components/dialog/cindor-dialog.js                             [22m[32m119.00 B[39m
[32mESM[39m [1mdist/components/chip/cindor-chip.js                                 [22m[32m81.00 B[39m
[32mESM[39m [1mdist/components/color-input/cindor-color-input.js                   [22m[32m161.00 B[39m
[32mESM[39m [1mdist/components/code-block/cindor-code-block.js                     [22m[32m91.00 B[39m
[32mESM[39m [1mdist/components/command-bar/cindor-command-bar.js                   [22m[32m93.00 B[39m
[32mESM[39m [1mdist/components/combobox/cindor-combobox.js                         [22m[32m327.00 B[39m
[32mESM[39m [1mdist/components/command-palette/cindor-command-palette.js           [22m[32m101.00 B[39m
[32mESM[39m [1mdist/components/badge/cindor-badge.js                               [22m[32m83.00 B[39m
[32mESM[39m [1mdist/components/data-table/cindor-data-table.js                     [22m[32m91.00 B[39m
[32mESM[39m [1mdist/components/context-menu/cindor-context-menu.js                 [22m[32m95.00 B[39m
[32mESM[39m [1mdist/components/breadcrumbs/cindor-breadcrumbs.js                   [22m[32m95.00 B[39m
[32mESM[39m [1mdist/components/calendar/cindor-calendar.js                         [22m[32m157.00 B[39m
[32mESM[39m [1mdist/components/button/cindor-button.js                             [22m[32m119.00 B[39m
[32mESM[39m [1mdist/components/card/cindor-card.js                                 [22m[32m81.00 B[39m
[32mESM[39m [1mdist/components/button-group/cindor-button-group.js                 [22m[32m95.00 B[39m
[32mESM[39m [1mdist/components/checkbox/cindor-checkbox.js                         [22m[32m157.00 B[39m
[32mESM[39m [1mdist/chunk-CCNZFI3L.js                                              [22m[32m704.00 B[39m
[32mESM[39m [1mdist/index.js                                                       [22m[32m8.37 KB[39m
[32mESM[39m [1mdist/components/popover/cindor-popover.js                           [22m[32m121.00 B[39m
[32mESM[39m [1mdist/register.js                                                    [22m[32m10.50 KB[39m
[32mESM[39m [1mdist/chunk-7UN5QKA4.js                                              [22m[32m13.31 KB[39m
[32mESM[39m [1mdist/chunk-GVYINL63.js                                              [22m[32m6.78 KB[39m
[32mESM[39m [1mdist/chunk-YCDVH5RW.js                                              [22m[32m241.00 B[39m
[32mESM[39m [1mdist/chunk-JKFNA5CY.js                                              [22m[32m314.00 B[39m
[32mESM[39m [1mdist/chunk-M6BHU5H3.js                                              [22m[32m714.00 B[39m
[32mESM[39m [1mdist/chunk-XFLNRLLU.js                                              [22m[32m6.27 KB[39m
[32mESM[39m [1mdist/chunk-HOUVFQ56.js                                              [22m[32m1.44 KB[39m
[32mESM[39m [1mdist/chunk-YCHAGDTM.js                                              [22m[32m3.71 KB[39m
[32mESM[39m [1mdist/chunk-KGWUDDZA.js                                              [22m[32m2.61 KB[39m
[32mESM[39m [1mdist/chunk-EJWSQMOY.js                                              [22m[32m5.59 KB[39m
[32mESM[39m [1mdist/chunk-TGHAYSY2.js                                              [22m[32m4.09 KB[39m
[32mESM[39m [1mdist/chunk-TTDJXNRY.js                                              [22m[32m7.94 KB[39m
[32mESM[39m [1mdist/chunk-FRMX2VA4.js                                              [22m[32m2.82 KB[39m
[32mESM[39m [1mdist/chunk-AUNFFROB.js                                              [22m[32m921.00 B[39m
[32mESM[39m [1mdist/chunk-OQ7ADMOQ.js                                              [22m[32m10.69 KB[39m
[32mESM[39m [1mdist/chunk-KH5K37RR.js                                              [22m[32m314.00 B[39m
[32mESM[39m [1mdist/chunk-K3TP2JFW.js                                              [22m[32m3.13 KB[39m
[32mESM[39m [1mdist/chunk-RB74LXRN.js                                              [22m[32m16.33 KB[39m
[32mESM[39m [1mdist/chunk-H7SIGRRC.js                                              [22m[32m1.67 KB[39m
[32mESM[39m [1mdist/chunk-XVTUUDXD.js                                              [22m[32m1.73 KB[39m
[32mESM[39m [1mdist/chunk-56QVPZ2B.js                                              [22m[32m1.85 KB[39m
[32mESM[39m [1mdist/chunk-TENNFBMF.js                                              [22m[32m7.63 KB[39m
[32mESM[39m [1mdist/chunk-6RX7TD72.js                                              [22m[32m727.00 B[39m
[32mESM[39m [1mdist/chunk-STZZZMEE.js                                              [22m[32m1.84 KB[39m
[32mESM[39m [1mdist/chunk-DLIATD34.js                                              [22m[32m9.26 KB[39m
[32mESM[39m [1mdist/chunk-RLLXVLAN.js                                              [22m[32m3.16 KB[39m
[32mESM[39m [1mdist/chunk-A5I4O47J.js                                              [22m[32m6.30 KB[39m
[32mESM[39m [1mdist/chunk-62XAQL57.js                                              [22m[32m305.00 B[39m
[32mESM[39m [1mdist/chunk-O2BNL7TN.js                                              [22m[32m6.57 KB[39m
[32mESM[39m [1mdist/chunk-E3T3IWF5.js                                              [22m[32m5.86 KB[39m
[32mESM[39m [1mdist/chunk-FU5LPE2B.js                                              [22m[32m6.02 KB[39m
[32mESM[39m [1mdist/chunk-36ESYGA4.js                                              [22m[32m5.75 KB[39m
[32mESM[39m [1mdist/chunk-GKKVLD5P.js                                              [22m[32m7.39 KB[39m
[32mESM[39m [1mdist/chunk-VJAGVCV4.js                                              [22m[32m3.04 KB[39m
[32mESM[39m [1mdist/chunk-R4WS5SA2.js                                              [22m[32m6.22 KB[39m
[32mESM[39m [1mdist/chunk-B7AWTMMU.js                                              [22m[32m2.66 KB[39m
[32mESM[39m [1mdist/chunk-2VA7HDMB.js                                              [22m[32m3.14 KB[39m
[32mESM[39m [1mdist/chunk-DJSS2G4Q.js                                              [22m[32m2.87 KB[39m
[32mESM[39m [1mdist/chunk-TLQILM6Y.js                                              [22m[32m1.48 KB[39m
[32mESM[39m [1mdist/chunk-67TDCO3Q.js                                              [22m[32m1.68 KB[39m
[32mESM[39m [1mdist/chunk-DG3HBFFP.js                                              [22m[32m7.49 KB[39m
[32mESM[39m [1mdist/chunk-HQY2FBCB.js                                              [22m[32m9.39 KB[39m
[32mESM[39m [1mdist/chunk-WJ6ZHMJ3.js                                              [22m[32m1.95 KB[39m
[32mESM[39m [1mdist/chunk-6YTP4OH4.js                                              [22m[32m2.71 KB[39m
[32mESM[39m [1mdist/chunk-3NAS4NLH.js                                              [22m[32m1.19 KB[39m
[32mESM[39m [1mdist/chunk-24EI5HPB.js                                              [22m[32m2.16 KB[39m
[32mESM[39m [1mdist/chunk-RLTE2THV.js                                              [22m[32m251.00 B[39m
[32mESM[39m [1mdist/chunk-CBRTO45F.js                                              [22m[32m16.23 KB[39m
[32mESM[39m [1mdist/chunk-MHBVHLXL.js                                              [22m[32m3.48 KB[39m
[32mESM[39m [1mdist/chunk-UV3ID3N6.js                                              [22m[32m3.06 KB[39m
[32mESM[39m [1mdist/chunk-4NELW3PD.js                                              [22m[32m566.00 B[39m
[32mESM[39m [1mdist/chunk-A2RRCOZ3.js                                              [22m[32m5.08 KB[39m
[32mESM[39m [1mdist/chunk-QE4LJYEH.js                                              [22m[32m525.00 B[39m
[32mESM[39m [1mdist/chunk-CSRBO23H.js                                              [22m[32m2.70 KB[39m
[32mESM[39m [1mdist/chunk-MXXYGT3C.js                                              [22m[32m557.00 B[39m
[32mESM[39m [1mdist/chunk-VW2I6NAX.js                                              [22m[32m1.61 KB[39m
[32mESM[39m [1mdist/chunk-3QOYJ3ZV.js                                              [22m[32m1.70 KB[39m
[32mESM[39m [1mdist/chunk-RRNR4WED.js                                              [22m[32m5.26 KB[39m
[32mESM[39m [1mdist/chunk-5FLSCJQ5.js                                              [22m[32m1.36 KB[39m
[32mESM[39m [1mdist/chunk-JN7GOILT.js                                              [22m[32m17.05 KB[39m
[32mESM[39m [1mdist/chunk-7ZHQOTIA.js                                              [22m[32m18.60 KB[39m
[32mESM[39m [1mdist/chunk-J2TF4CXX.js                                              [22m[32m479.00 B[39m
[32mESM[39m [1mdist/chunk-GK7RWK5J.js                                              [22m[32m7.61 KB[39m
[32mESM[39m [1mdist/chunk-H5CAOU6M.js                                              [22m[32m1.71 KB[39m
[32mESM[39m [1mdist/chunk-U4SRDWDV.js                                              [22m[32m398.00 B[39m
[32mESM[39m [1mdist/chunk-OSJBLRGS.js                                              [22m[32m3.39 KB[39m
[32mESM[39m [1mdist/chunk-BGNSIPZP.js                                              [22m[32m3.69 KB[39m
[32mESM[39m [1mdist/chunk-6NC6VH5J.js                                              [22m[32m9.53 KB[39m
[32mESM[39m [1mdist/chunk-EOB7ICEA.js                                              [22m[32m326.00 B[39m
[32mESM[39m [1mdist/chunk-BRAQWUAV.js                                              [22m[32m9.27 KB[39m
[32mESM[39m [1mdist/chunk-27IHLCGL.js                                              [22m[32m2.52 KB[39m
[32mESM[39m [1mdist/chunk-TCLZTQGN.js                                              [22m[32m962.00 B[39m
[32mESM[39m [1mdist/chunk-GU3BND6E.js                                              [22m[32m518.00 B[39m
[32mESM[39m [1mdist/chunk-EUXO7EQC.js                                              [22m[32m241.00 B[39m
[32mESM[39m [1mdist/chunk-2ILTTQ2T.js                                              [22m[32m4.60 KB[39m
[32mESM[39m [1mdist/chunk-OE2DF6MN.js                                              [22m[32m7.63 KB[39m
[32mESM[39m [1mdist/chunk-6DWCFNSL.js                                              [22m[32m8.05 KB[39m
[32mESM[39m [1mdist/chunk-3AXFW7FC.js                                              [22m[32m7.00 KB[39m
[32mESM[39m [1mdist/chunk-EKEI6AKL.js                                              [22m[32m3.94 KB[39m
[32mESM[39m [1mdist/chunk-OU6ZTNNE.js                                              [22m[32m679.00 B[39m
[32mESM[39m [1mdist/chunk-NCUA66SU.js                                              [22m[32m748.00 B[39m
[32mESM[39m [1mdist/chunk-NCYIWILX.js                                              [22m[32m7.72 KB[39m
[32mESM[39m [1mdist/chunk-DPAFZG5Z.js                                              [22m[32m1.33 KB[39m
[32mESM[39m [1mdist/chunk-4YN3AAJH.js                                              [22m[32m4.96 KB[39m
[32mESM[39m [1mdist/chunk-NMLQXD3C.js                                              [22m[32m9.77 KB[39m
[32mESM[39m [1mdist/chunk-QBLIWPIB.js                                              [22m[32m3.78 KB[39m
[32mESM[39m [1mdist/chunk-T3SLH7B5.js                                              [22m[32m1.11 KB[39m
[32mESM[39m [1mdist/chunk-SDPVC2KY.js                                              [22m[32m7.53 KB[39m
[32mESM[39m [1mdist/chunk-5NUDKZFS.js                                              [22m[32m37.22 KB[39m
[32mESM[39m [1mdist/chunk-FF3IYMCN.js                                              [22m[32m1.52 KB[39m
[32mESM[39m [1mdist/chunk-S5VPQ6ZH.js                                              [22m[32m6.87 KB[39m
[32mESM[39m [1mdist/chunk-DKRJ2P3I.js                                              [22m[32m7.93 KB[39m
[32mESM[39m [1mdist/chunk-TVN6TW2T.js                                              [22m[32m760.00 B[39m
[32mESM[39m [1mdist/chunk-DORUCOPG.js                                              [22m[32m20.60 KB[39m
[32mESM[39m [1mdist/chunk-H55RARM7.js                                              [22m[32m3.70 KB[39m
[32mESM[39m [1mdist/chunk-HQ3G4HVA.js                                              [22m[32m622.00 B[39m
[32mESM[39m [1mdist/components/accordion/cindor-accordion.js                       [22m[32m91.00 B[39m
[32mESM[39m [1mdist/chunk-FV3B5JB6.js                                              [22m[32m3.17 KB[39m
[32mESM[39m [1mdist/components/activity-feed/cindor-activity-feed.js               [22m[32m97.00 B[39m
[32mESM[39m [1mdist/chunk-ECTEXW3N.js                                              [22m[32m1.75 KB[39m
[32mESM[39m [1mdist/components/activity-item/cindor-activity-item.js               [22m[32m97.00 B[39m
[32mESM[39m [1mdist/chunk-IF2ZFPKG.js                                              [22m[32m547.00 B[39m
[32mESM[39m [1mdist/components/alert/cindor-alert.js                               [22m[32m83.00 B[39m
[32mESM[39m [1mdist/chunk-N62JHRGW.js                                              [22m[32m3.35 KB[39m
[32mESM[39m [1mdist/components/autocomplete/cindor-autocomplete.js                 [22m[32m301.00 B[39m
[32mESM[39m [1mdist/chunk-KPUUO7QS.js                                              [22m[32m1.24 KB[39m
[32mESM[39m [1mdist/chunk-PSUYGJRV.js                                              [22m[32m10.14 KB[39m
[32mESM[39m [1mdist/chunk-HNBJJFMM.js                                              [22m[32m1.54 KB[39m
[32mESM[39m [1mdist/chunk-WABIP6QQ.js                                              [22m[32m2.60 KB[39m
[32mESM[39m [1mdist/chunk-MMTWTJ4W.js                                              [22m[32m2.20 KB[39m
[32mESM[39m [1mdist/chunk-SJH34EYP.js                                              [22m[32m1.26 KB[39m
[32mESM[39m [1mdist/chunk-FSPBMOLH.js                                              [22m[32m3.78 KB[39m
[32mESM[39m [1mdist/chunk-3QODG4OR.js                                              [22m[32m4.55 KB[39m
[32mESM[39m [1mdist/components/avatar/cindor-avatar.js                             [22m[32m85.00 B[39m
[32mESM[39m [1mdist/chunk-TAFZ57N3.js                                              [22m[32m1.72 KB[39m
[32mESM[39m [1mdist/chunk-DRFGYKCM.js                                              [22m[32m3.29 KB[39m
[32mESM[39m [1mdist/chunk-7IXNPXXB.js                                              [22m[32m3.22 KB[39m
[32mESM[39m [1mdist/chunk-6IDFHMMP.js                                              [22m[32m5.72 KB[39m
[32mESM[39m ⚡️ Build success in 105ms

> cindor-ui-react@0.1.53 build
> tsup src/index.tsx --format esm,cjs --dts --external react --external react/jsx-runtime --external cindor-ui-core --external cindor-ui-core/register

[34mCLI[39m Building entry: src/index.tsx
[34mCLI[39m Using tsconfig: tsconfig.json
[34mCLI[39m tsup v8.5.1
[34mCLI[39m Target: es2022
[34mESM[39m Build start
[34mCJS[39m Build start
[32mESM[39m [1mdist/index.js [22m[32m23.23 KB[39m
[32mESM[39m ⚡️ Build success in 22ms
[32mCJS[39m [1mdist/index.cjs [22m[32m28.07 KB[39m
[32mCJS[39m ⚡️ Build success in 22ms
[34mDTS[39m Build start
[32mDTS[39m ⚡️ Build success in 2664ms
[32mDTS[39m [1mdist/index.d.ts  [22m[32m16.49 KB[39m
[32mDTS[39m [1mdist/index.d.cts [22m[32m16.49 KB[39m

> cindor-ui-vue@0.1.53 build
> tsup src/index.ts --format esm,cjs --dts --external vue --external cindor-ui-core --external cindor-ui-core/register

[34mCLI[39m Building entry: src/index.ts
[34mCLI[39m Using tsconfig: tsconfig.json
[34mCLI[39m tsup v8.5.1
[34mCLI[39m Target: es2022
[34mESM[39m Build start
[34mCJS[39m Build start
[32mCJS[39m [1mdist/index.cjs [22m[32m86.14 KB[39m
[32mCJS[39m ⚡️ Build success in 28ms
[32mESM[39m [1mdist/index.js [22m[32m77.48 KB[39m
[32mESM[39m ⚡️ Build success in 29ms
[34mDTS[39m Build start
[32mDTS[39m ⚡️ Build success in 4044ms
[32mDTS[39m [1mdist/index.d.ts  [22m[32m125.59 KB[39m
[32mDTS[39m [1mdist/index.d.cts [22m[32m125.59 KB[39m

> cindor-ui-docs@0.1.53 build
> vite build

[36mvite v7.3.2 [32mbuilding client environment for production...[36m[39m
transforming...
[32m✓[39m 297 modules transformed.
rendering chunks...
computing gzip size...
[2mdist/[22m[32mindex.html                                      [39m[1m[2m  1.71 kB[22m[1m[22m[2m │ gzip:  0.56 kB[22m
[2mdist/[22m[2massets/[22m[32mPressStart2P-Regular-_wFEWmAB.woff2      [39m[1m[2m 12.51 kB[22m[1m[22m
[2mdist/[22m[2massets/[22m[32mMonaSans-Variable-Pz49MTQZ.woff2         [39m[1m[2m 39.79 kB[22m[1m[22m
[2mdist/[22m[2massets/[22m[32mJetBrainsMono-Variable-B9CIFXIH.woff2    [39m[1m[2m 40.40 kB[22m[1m[22m
[2mdist/[22m[2massets/[22m[35mindex-D6Mrho1s.css                       [39m[1m[2m 29.16 kB[22m[1m[22m[2m │ gzip:  5.86 kB[22m
[2mdist/[22m[2massets/[22m[36mcindor-date-input-BdW_k1Xd.js            [39m[1m[2m  0.24 kB[22m[1m[22m[2m │ gzip:  0.19 kB[22m
[2mdist/[22m[2massets/[22m[36mcindor-time-input-B9vcY6vq.js            [39m[1m[2m  0.24 kB[22m[1m[22m[2m │ gzip:  0.19 kB[22m
[2mdist/[22m[2massets/[22m[36mcindor-number-input-DXShNd-N.js          [39m[1m[2m  0.25 kB[22m[1m[22m[2m │ gzip:  0.20 kB[22m
[2mdist/[22m[2massets/[22m[36mcindor-tel-input-CZ0D-xJU.js             [39m[1m[2m  0.30 kB[22m[1m[22m[2m │ gzip:  0.23 kB[22m
[2mdist/[22m[2massets/[22m[36mcindor-url-input-CQ1WSeVj.js             [39m[1m[2m  0.30 kB[22m[1m[22m[2m │ gzip:  0.23 kB[22m
[2mdist/[22m[2massets/[22m[36mcindor-divider-DiVzai79.js               [39m[1m[2m  0.31 kB[22m[1m[22m[2m │ gzip:  0.23 kB[22m
[2mdist/[22m[2massets/[22m[36mcindor-helper-text-QLT625Pb.js           [39m[1m[2m  0.38 kB[22m[1m[22m[2m │ gzip:  0.25 kB[22m
[2mdist/[22m[2massets/[22m[36mcindor-error-text-CGqz8m1Z.js            [39m[1m[2m  0.42 kB[22m[1m[22m[2m │ gzip:  0.28 kB[22m
[2mdist/[22m[2massets/[22m[36mcindor-activity-feed-njlHmquE.js         [39m[1m[2m  0.42 kB[22m[1m[22m[2m │ gzip:  0.29 kB[22m
[2mdist/[22m[2massets/[22m[36mcindor-splitter-panel-DO2r0suR.js        [39m[1m[2m  0.53 kB[22m[1m[22m[2m │ gzip:  0.36 kB[22m
[2mdist/[22m[2massets/[22m[36mcindor-description-item-DnqWV2_M.js      [39m[1m[2m  0.57 kB[22m[1m[22m[2m │ gzip:  0.31 kB[22m
[2mdist/[22m[2massets/[22m[36mlight-dom-options-CWsQFmbv.js            [39m[1m[2m  0.58 kB[22m[1m[22m[2m │ gzip:  0.30 kB[22m
[2mdist/[22m[2massets/[22m[36mcindor-tab-panel-DF9oZxyb.js             [39m[1m[2m  0.61 kB[22m[1m[22m[2m │ gzip:  0.35 kB[22m
[2mdist/[22m[2massets/[22m[36mcindor-timeline-CqHij_V3.js              [39m[1m[2m  0.62 kB[22m[1m[22m[2m │ gzip:  0.38 kB[22m
[2mdist/[22m[2massets/[22m[36mcindor-description-list-D1kJbNEN.js      [39m[1m[2m  0.64 kB[22m[1m[22m[2m │ gzip:  0.36 kB[22m
[2mdist/[22m[2massets/[22m[36mfloating-position-DmIQhjG0.js            [39m[1m[2m  0.68 kB[22m[1m[22m[2m │ gzip:  0.43 kB[22m
[2mdist/[22m[2massets/[22m[36mcindor-meter-Bbk97arB.js                 [39m[1m[2m  0.97 kB[22m[1m[22m[2m │ gzip:  0.46 kB[22m
[2mdist/[22m[2massets/[22m[36mcindor-chip-Cuw8W6bT.js                  [39m[1m[2m  1.22 kB[22m[1m[22m[2m │ gzip:  0.57 kB[22m
[2mdist/[22m[2massets/[22m[36mcindor-progress-C_oNs28_.js              [39m[1m[2m  1.31 kB[22m[1m[22m[2m │ gzip:  0.56 kB[22m
[2mdist/[22m[2massets/[22m[36mcindor-menu-CVIuNtKB.js                  [39m[1m[2m  1.34 kB[22m[1m[22m[2m │ gzip:  0.74 kB[22m
[2mdist/[22m[2massets/[22m[36mcindor-timeline-item-J2UMrrVP.js         [39m[1m[2m  1.37 kB[22m[1m[22m[2m │ gzip:  0.60 kB[22m
[2mdist/[22m[2massets/[22m[36mvendor-lucide-Vr92Kr6Z.js                [39m[1m[2m  1.42 kB[22m[1m[22m[2m │ gzip:  0.56 kB[22m
[2mdist/[22m[2massets/[22m[36mcindor-avatar-BmfMcDBJ.js                [39m[1m[2m  1.44 kB[22m[1m[22m[2m │ gzip:  0.70 kB[22m
[2mdist/[22m[2massets/[22m[36mcindor-accordion-KtUHhkg4.js             [39m[1m[2m  1.53 kB[22m[1m[22m[2m │ gzip:  0.71 kB[22m
[2mdist/[22m[2massets/[22m[36mcindor-fieldset-iaFOKAuw.js              [39m[1m[2m  1.54 kB[22m[1m[22m[2m │ gzip:  0.61 kB[22m
[2mdist/[22m[2massets/[22m[36mcindor-skeleton-DrjFrd6b.js              [39m[1m[2m  1.56 kB[22m[1m[22m[2m │ gzip:  0.58 kB[22m
[2mdist/[22m[2massets/[22m[36mcindor-navigation-rail-DQigbRLP.js       [39m[1m[2m  1.59 kB[22m[1m[22m[2m │ gzip:  0.83 kB[22m
[2mdist/[22m[2massets/[22m[36mcindor-menu-item-Bt5KU57L.js             [39m[1m[2m  1.60 kB[22m[1m[22m[2m │ gzip:  0.78 kB[22m
[2mdist/[22m[2massets/[22m[36mcindor-stat-card-Dym4LAJu.js             [39m[1m[2m  1.66 kB[22m[1m[22m[2m │ gzip:  0.66 kB[22m
[2mdist/[22m[2massets/[22m[36mcindor-menubar-Bne7bt-J.js               [39m[1m[2m  1.89 kB[22m[1m[22m[2m │ gzip:  0.96 kB[22m
[2mdist/[22m[2massets/[22m[36mcindor-link-DUKibqyj.js                  [39m[1m[2m  2.14 kB[22m[1m[22m[2m │ gzip:  0.84 kB[22m
[2mdist/[22m[2massets/[22m[36mcindor-toolbar-UyNJ3Ean.js               [39m[1m[2m  2.20 kB[22m[1m[22m[2m │ gzip:  1.06 kB[22m
[2mdist/[22m[2massets/[22m[36mcindor-textarea-Biole8kV.js              [39m[1m[2m  2.27 kB[22m[1m[22m[2m │ gzip:  0.93 kB[22m
[2mdist/[22m[2massets/[22m[36mcindor-empty-search-results-iueVxbuo.js  [39m[1m[2m  2.28 kB[22m[1m[22m[2m │ gzip:  0.87 kB[22m
[2mdist/[22m[2massets/[22m[36mcindor-popover-DDdObuAB.js               [39m[1m[2m  2.35 kB[22m[1m[22m[2m │ gzip:  0.99 kB[22m
[2mdist/[22m[2massets/[22m[36mcindor-toast-Dvtigf-b.js                 [39m[1m[2m  2.38 kB[22m[1m[22m[2m │ gzip:  0.94 kB[22m
[2mdist/[22m[2massets/[22m[36mcindor-panel-inspector-DligZnxD.js       [39m[1m[2m  2.41 kB[22m[1m[22m[2m │ gzip:  0.89 kB[22m
[2mdist/[22m[2massets/[22m[36mcindor-button-group-DITEV5jZ.js          [39m[1m[2m  2.43 kB[22m[1m[22m[2m │ gzip:  0.99 kB[22m
[2mdist/[22m[2massets/[22m[36mcindor-radio-COzJXac1.js                 [39m[1m[2m  2.53 kB[22m[1m[22m[2m │ gzip:  1.01 kB[22m
[2mdist/[22m[2massets/[22m[36mcindor-checkbox-ZpxfMXr3.js              [39m[1m[2m  2.54 kB[22m[1m[22m[2m │ gzip:  1.01 kB[22m
[2mdist/[22m[2massets/[22m[36mcindor-icon-button-DRiKi12D.js           [39m[1m[2m  2.57 kB[22m[1m[22m[2m │ gzip:  0.90 kB[22m
[2mdist/[22m[2massets/[22m[36mcindor-toast-region-CH9KnvcC.js          [39m[1m[2m  2.63 kB[22m[1m[22m[2m │ gzip:  1.14 kB[22m
[2mdist/[22m[2massets/[22m[36mcindor-tag-1sfD9N3g.js                   [39m[1m[2m  2.64 kB[22m[1m[22m[2m │ gzip:  0.98 kB[22m
[2mdist/[22m[2massets/[22m[36mcindor-dropdown-menu-DSeWnU5A.js         [39m[1m[2m  2.87 kB[22m[1m[22m[2m │ gzip:  1.14 kB[22m
[2mdist/[22m[2massets/[22m[36mcindor-page-header-BH2a1nHW.js           [39m[1m[2m  2.89 kB[22m[1m[22m[2m │ gzip:  0.94 kB[22m
[2mdist/[22m[2massets/[22m[36mcindor-navigation-rail-item-ChKUsgrL.js  [39m[1m[2m  2.91 kB[22m[1m[22m[2m │ gzip:  1.14 kB[22m
[2mdist/[22m[2massets/[22m[36mcindor-password-input-CbkPLi9v.js        [39m[1m[2m  2.95 kB[22m[1m[22m[2m │ gzip:  1.03 kB[22m
[2mdist/[22m[2massets/[22m[36mcindor-command-bar-eT054S4U.js           [39m[1m[2m  3.01 kB[22m[1m[22m[2m │ gzip:  1.05 kB[22m
[2mdist/[22m[2massets/[22m[36mcindor-date-time-picker-1lFoLoan.js      [39m[1m[2m  3.10 kB[22m[1m[22m[2m │ gzip:  1.04 kB[22m
[2mdist/[22m[2massets/[22m[36mcindor-activity-item-DpbiqkcZ.js         [39m[1m[2m  3.19 kB[22m[1m[22m[2m │ gzip:  1.05 kB[22m
[2mdist/[22m[2massets/[22m[36mcindor-side-nav-qYIquDGX.js              [39m[1m[2m  3.49 kB[22m[1m[22m[2m │ gzip:  1.38 kB[22m
[2mdist/[22m[2massets/[22m[36mcindor-switch-CmcxcJoe.js                [39m[1m[2m  3.55 kB[22m[1m[22m[2m │ gzip:  1.26 kB[22m
[2mdist/[22m[2massets/[22m[36mcindor-context-menu-BN53z4L6.js          [39m[1m[2m  4.06 kB[22m[1m[22m[2m │ gzip:  1.50 kB[22m
[2mdist/[22m[2massets/[22m[36mcindor-select-Bg8Drkjn.js                [39m[1m[2m  4.10 kB[22m[1m[22m[2m │ gzip:  1.56 kB[22m
[2mdist/[22m[2massets/[22m[36mcindor-inline-edit-D4avcijC.js           [39m[1m[2m  4.14 kB[22m[1m[22m[2m │ gzip:  1.32 kB[22m
[2mdist/[22m[2massets/[22m[36mcindor-tree-view-CslxDBB_.js             [39m[1m[2m  4.19 kB[22m[1m[22m[2m │ gzip:  1.54 kB[22m
[2mdist/[22m[2massets/[22m[36mcindor-data-view-toolbar-DL1Fju4F.js     [39m[1m[2m  4.28 kB[22m[1m[22m[2m │ gzip:  1.25 kB[22m
[2mdist/[22m[2massets/[22m[36mcindor-tooltip-7GNfjHEs.js               [39m[1m[2m  4.33 kB[22m[1m[22m[2m │ gzip:  1.47 kB[22m
[2mdist/[22m[2massets/[22m[36mcindor-color-input-BLDoGuvo.js           [39m[1m[2m  4.40 kB[22m[1m[22m[2m │ gzip:  1.59 kB[22m
[2mdist/[22m[2massets/[22m[36mcindor-file-input--8U1_yuL.js            [39m[1m[2m  4.49 kB[22m[1m[22m[2m │ gzip:  1.58 kB[22m
[2mdist/[22m[2massets/[22m[36mcindor-pagination-Cy-R5dlU.js            [39m[1m[2m  4.80 kB[22m[1m[22m[2m │ gzip:  1.60 kB[22m
[2mdist/[22m[2massets/[22m[36mcindor-rating-input-DhbwAQOt.js          [39m[1m[2m  5.18 kB[22m[1m[22m[2m │ gzip:  1.82 kB[22m
[2mdist/[22m[2massets/[22m[36mcindor-tree-item-DV8beDtv.js             [39m[1m[2m  5.36 kB[22m[1m[22m[2m │ gzip:  1.72 kB[22m
[2mdist/[22m[2massets/[22m[36mcindor-date-range-picker-93bZeUGW.js     [39m[1m[2m  5.52 kB[22m[1m[22m[2m │ gzip:  1.81 kB[22m
[2mdist/[22m[2massets/[22m[36mcindor-split-button-B21l5ZkH.js          [39m[1m[2m  5.68 kB[22m[1m[22m[2m │ gzip:  1.87 kB[22m
[2mdist/[22m[2massets/[22m[36mcindor-range-vWkFsnc6.js                 [39m[1m[2m  5.71 kB[22m[1m[22m[2m │ gzip:  1.47 kB[22m
[2mdist/[22m[2massets/[22m[36mcindor-banner-DFjebw6C.js                [39m[1m[2m  5.93 kB[22m[1m[22m[2m │ gzip:  1.70 kB[22m
[2mdist/[22m[2massets/[22m[36mcindor-side-nav-item-BlJvid3m.js         [39m[1m[2m  6.32 kB[22m[1m[22m[2m │ gzip:  1.86 kB[22m
[2mdist/[22m[2massets/[22m[36mcindor-date-picker-DOYTsQoc.js           [39m[1m[2m  6.46 kB[22m[1m[22m[2m │ gzip:  1.99 kB[22m
[2mdist/[22m[2massets/[22m[36mcindor-drawer-DkkJP89B.js                [39m[1m[2m  6.58 kB[22m[1m[22m[2m │ gzip:  2.23 kB[22m
[2mdist/[22m[2massets/[22m[36mcindor-splitter-B7iYrf1O.js              [39m[1m[2m  6.69 kB[22m[1m[22m[2m │ gzip:  2.35 kB[22m
[2mdist/[22m[2massets/[22m[36mcindor-combobox-BueyBmgb.js              [39m[1m[2m  7.10 kB[22m[1m[22m[2m │ gzip:  2.14 kB[22m
[2mdist/[22m[2massets/[22m[36mcindor-autocomplete-jpsBd6L1.js          [39m[1m[2m  7.45 kB[22m[1m[22m[2m │ gzip:  2.34 kB[22m
[2mdist/[22m[2massets/[22m[36mcindor-transfer-list-BWb6XcPm.js         [39m[1m[2m 10.72 kB[22m[1m[22m[2m │ gzip:  2.69 kB[22m
[2mdist/[22m[2massets/[22m[36mcindor-tag-input-hnWr6rKr.js             [39m[1m[2m 12.22 kB[22m[1m[22m[2m │ gzip:  3.49 kB[22m
[2mdist/[22m[2massets/[22m[36mcindor-filter-builder-BV_H_23E.js        [39m[1m[2m 12.54 kB[22m[1m[22m[2m │ gzip:  3.33 kB[22m
[2mdist/[22m[2massets/[22m[36mcindor-multi-select-Buet-Wsb.js          [39m[1m[2m 12.57 kB[22m[1m[22m[2m │ gzip:  3.54 kB[22m
[2mdist/[22m[2massets/[22m[36mvendor-core-OGJffwwK.js                  [39m[1m[2m 16.72 kB[22m[1m[22m[2m │ gzip:  6.40 kB[22m
[2mdist/[22m[2massets/[22m[36mvendor-floating-ui-DW25oQ_y.js           [39m[1m[2m 17.05 kB[22m[1m[22m[2m │ gzip:  6.80 kB[22m
[2mdist/[22m[2massets/[22m[36mcindor-data-table-vZHbNCrr.js            [39m[1m[2m 28.42 kB[22m[1m[22m[2m │ gzip:  6.87 kB[22m
[2mdist/[22m[2massets/[22m[36mcomponent-docs-Sc-TkZBu.js               [39m[1m[2m117.88 kB[22m[1m[22m[2m │ gzip: 10.56 kB[22m
[2mdist/[22m[2massets/[22m[36mdocs-route-components-wSM8XNNv.js        [39m[1m[2m151.08 kB[22m[1m[22m[2m │ gzip: 33.60 kB[22m
[2mdist/[22m[2massets/[22m[36mvendor-highlight-C1YCTagb.js             [39m[1m[2m162.57 kB[22m[1m[22m[2m │ gzip: 54.00 kB[22m
[2mdist/[22m[2massets/[22m[36mindex-Dhrm3Zq2.js                        [39m[1m[2m236.32 kB[22m[1m[22m[2m │ gzip: 50.53 kB[22m
[32m✓ built in 1.40s[39m
